Sending request to http://127.0.0.1:8000/api/chat...

--- RESPONSE START ---
Error: 'charmap' codec can't encode character '\u20b9' in position 3145: character maps to <undefined>
